// Jest Snapshot v1, https://goo.gl/fbAQLP

exports[`CalendarItem matches snapshot 1`] = `
<div
  className="Calendar__item"
  data-testid="calendar-item"
  label="Wednesday"
  onClick={[Function]}
>
  <p
    className="Calendar__date"
  >
    8
    <span
      className="Calendar__date--small"
      data-testid="date-sufix"
    >
      th
    </span>
  </p>
  <p
    className="Calendar__day"
    data-testid="calendar-day"
  >
    Wed
  </p>
</div>
`;
